[apertcgo.com/index.php]
[backblue.gif]
[fade.gif]
[index.php]
[maxcdn.bootstrapcdn.com/bootstrap/4.2.1/css/bootstrap.min.css]
[maxcdn.bootstrapcdn.com/font-awesome/4.4.0/css/font-awesome.min.css]
[use.fontawesome.com/releases/v5.6.3/css/all.css]
[apertcgo.com/images/logo.png]
[ajax.googleapis.com/ajax/libs/jquery/3.3.1/jquery.min.js]
[apertcgo.com/apert-js/smoothScroll.js]
[cdnjs.cloudflare.com/ajax/libs/popper.js/1.14.7/umd/popper.min.js]
[maxcdn.bootstrapcdn.com/bootstrap/4.3.1/js/bootstrap.min.js]
[apertcgo.com/apert-css/magnific-popup.css]
[apertcgo.com/apert-readMore/js.js]
[apertcgo.com/apert-css/owl.carousel.min.css]
[apertcgo.com/apert-css/owl.theme.default.min.css]
[apertcgo.com/apert-css/style.css]
[apertcgo.com/index-2.php]
[apertcgo.com/about-us.php]
[apertcgo.com/contact.php]
[apertcgo.com/faq.php]
[translate.google.com/translate_a/element7876.js]
[apertcgo.com/images/banx1.jpg]
[apertcgo.com/images/banx3.jpg]
[apertcgo.com/images/modal3.jpg]
[apertcgo.com/images/slide3.png]
[apertcgo.com/images/slide2.jpg]
[apertcgo.com/images/slide1.jpg]
[apertcgo.com/apert-js/numberScroller.js]
[apertcgo.com/images/international.jpg]
[apertcgo.com/images/versatile.jpg]
[apertcgo.com/images/secured.png]
[apertcgo.com/images/pix-01.jpg]
[apertcgo.com/images/pix-02.jfif]
[apertcgo.com/images/pix-03.png]
[apertcgo.com/images/pix-04.png]
[apertcgo.com/images/delivery-01.jpg]
[apertcgo.com/images/delivery-02.jpg]
[apertcgo.com/images/delivery-03.jpg]
[apertcgo.com/images/delivery-04.jpg]
[apertcgo.com/images/gal01.jpg]
[apertcgo.com/images/gal02.jpg]
[apertcgo.com/images/gal03.jpg]
[apertcgo.com/images/gal04.jpg]
[apertcgo.com/images/gal05.jpg]
[apertcgo.com/images/gal06.jpg]
[apertcgo.com/images/gal07.jpg]
[apertcgo.com/images/gal08.jpg]
[apertcgo.com/images/gal09.jpg]
[apertcgo.com/images/courier-01.jfif]
[apertcgo.com/images/dhl.png]
[apertcgo.com/images/parcel_f.png]
[apertcgo.com/images/ups.png]
[apertcgo.com/images/parcel_h.png]
[apertcgo.com/images/comodo_secure_seal_113x59_transp.png]
[apertcgo.com/apert-js/popUp-initializer.js]
[apertcgo.com/apert-js/jquery.magnific-popup.js]
[apertcgo.com/apert-js/owl.carousel.min.js]
[apertcgo.com/index.php]
[maxcdn.bootstrapcdn.com/bootstrap/4.2.1/css/bootstrap.min.css]
[maxcdn.bootstrapcdn.com/font-awesome/4.4.0/css/font-awesome.min.css]
[use.fontawesome.com/releases/v5.6.3/css/all.css]
[apertcgo.com/apert-css/magnific-popup.css]
[apertcgo.com/apert-readMore/style.css]
[apertcgo.com/apert-css/owl.carousel.min.css]
[apertcgo.com/apert-css/owl.theme.default.min.css]
[apertcgo.com/images/team22.jpg]
[apertcgo.com/images/contactus.jpg]
[apertcgo.com/images/newsletter.jpg]
[apertcgo.com/images/whatsapp.png]
[apertcgo.com/images/ser4.jpg]
[apertcgo.com/apert-css/style.css]
[apertcgo.com/index-2.php]
[ajax.googleapis.com/ajax/libs/jquery/3.4.1/jquery.min.js]
[apertcgo.com/images/about.png]
[apertcgo.com/images/abous-us-01.jpg]
[apertcgo.com/images/abous-us-02.jpg]
[apertcgo.com/images/abous-us-03.jpg]
[apertcgo.com/images/abous-us-04.jpg]
[apertcgo.com/about-us.php]
[apertcgo.com/images/contact_us.jpg]
[apertcgo.com/contact.php]
[apertcgo.com/images/faq.png]
[apertcgo.com/faq.php]
[apertcgo.com/apert-css/owl.video.play.php]
[gtranslate.net/flags/16.png]
[gtranslate.net/flags/16a.png]
